1>
2>
3>
(3,x)
0
0
4>(3,x)
5>
--(5,z)
-(1,y)
(3,x)
--(9,q)
-(2,m)
--(8,c)
---(-2,b)
----(12,a)
4
2
6>(12,a)(-2,b)(8,c)(2,m)(9,q)(3,x)(1,y)(5,z)
7>(12,a)(-2,b)(8,c)(2,m)(9,q)(3,x)(1,y)(5,z)
8>Fin.
