1>
2>

3>
(3,x)
0
0
4>
x 
5>
--(5,z)
-(1,y)
(3,x)
--(9,q)
-(2,m)
--(8,c)
---(-2,b)
----(12,a)
4
2
6>
a 
b 
c q z 
m y 
x 
7>
a 
b 
c q z 
m y 
x 
8>Fin.
