1>
2>3>4>5>uno
6>7>8>cuatro
9>tres
10>11>MAX_PILA
12>MAX_PILA
13>uno
14>15>Fin.
