1>
2>3>4>
--(5,z)
-(1,y)
(3,x)
--(9,q)
-(2,m)
--(8,c)
---(-2,b)
----(12,a)
4
2
5>6>
(12,a)
7>
--(5,z)
-(1,y)
(3,x)
--(9,q)
-(2,m)
--(8,c)
---(-2,b)
----(12,a)
8>
-(5,z)
(1,y)
9>10>Fin.
