1>
2>
3>
(5,a)
4>
(5,b)
5>(5,c)
(4,d)
6>
(3,g)
7>
(3,g)
8>(5,c)(5,d)
(5,c)
9>(12,y)(12,g)
(5,d)
10>(20,g)
(1,y)
11>(1,x)
(1,x)
12>(1,si)
(1,si)
13>
(2,a)
14>(99,no)
(3,c)
15>(45,y)
(7,a)
16>(30,y)
(8,g)
17>
(10,z)
18>
(11,d)
19>
(12,y)
20>
(12,g)
21>
(15,a)
22>
(17,x)
23>
(18,a)
24>
(20,g)
25>
(28,b)
26>
(30,y)
27>
(45,y)
28>
(98,no)
29>Fin.
