1>
2>
-----(-1,z)
------(-10,x)
----(40,e)
---(10,d)
--(31,c)
-(2,b)
(30,a)
0
6
3>
x 
z 
e 
d 
c 
b 
a 
4>(30,a)(2,b)(31,c)(10,d)(40,e)(-10,x)(-1,z)
5>
---(2,p)
--(7,o)
---(1,n)
-(5,m)
---(1,l)
--(3,k)
---(2,j)
(4,i)
---(1,hll)
--(7,gty)
---(1,gh)
-(5,gg)
---(1,abcd)
--(3,aaaa)
---(2,aa)
----(1,a)
6>
---(2,p)
--(7,o)
---(1,n)
-(5,m)
---(1,l)
--(3,k)
---(2,j)
(4,i)
---(1,hll)
--(7,gty)
---(1,gh)
-(5,gg)
---(1,abcd)
--(3,aaaa)
---(2,aa)
----(1,a)
4
7
7>Fin.
