1>2>3>
-(12,z)
(15,rr)
--(10,b)
-(11,a)
2
1
4>5>6>Fin.
