1>
(1,si)
2>(99,no)
(10,z)
3>
(17,x)
4>
(30,y)
5>
(98,no)
6>
(99,no)
7>
8>
9>Fin.
