1>(0,primero)(16,marzo)
2>2
(0,primero)(16,marzo)
(0,primero)(16,marzo)
(0,primero)(16,marzo)
3>(0,primero)(0,primero)(16,marzo)(0,anterior)(0,ultimo)(16,enero)
4>6
(0,primero)(0,primero)(16,marzo)(0,anterior)(0,ultimo)(16,enero)
(0,primero)(0,primero)(16,marzo)
(0,primero)(0,primero)(0,anterior)(0,ultimo)(16,marzo)(16,enero)
(0,primero)(16,marzo)
5>(0,primero)(0,primero)(0,primero)(16,marzo)(0,anterior)(0,ultimo)(16,enero)(13,abril)(27,abril)
6>9
(0,primero)(0,primero)(0,primero)(16,marzo)(0,anterior)(0,ultimo)(16,enero)(13,abril)(27,abril)
(0,primero)(0,primero)(0,primero)(0,anterior)(0,ultimo)(13,abril)(16,marzo)(16,enero)(27,abril)
(0,primero)(13,abril)(16,marzo)(27,abril)
7>Fin.
