1>(0,primero)(16,marzo)(13,abril)(27,abril)
2>3>(0,primero)(16,marzo)(27,abril)(13,abril)
(0,primero)(13,abril)(16,marzo)(27,abril)
4>(13,abril)(16,marzo)
(16,marzo)(13,abril)
(16,marzo)(16,abril)
5>(0,primero)(13,abril)(16,marzo)(27,abril)
(27,abril)(16,marzo)(13,abril)(0,primero)
(27,abril)(16,marzo)(13,abril)(27,primero)
6>Fin.
