1>(0,primero)(1,gallo)(2,perro)(3,perro)
2>1
(0,primero)(1,gallo)
3>1
(2,perro)
4>1
(3,perro)
5>(0,primero)(0,primero)(1,gallo)(2,perro)(3,perro)(0,dragon)(1,tigre)
6>
7>3
(0,primero)(0,primero)(0,dragon)
8>9>Fin.
