insertar-antes. 
1:(3,t)
2:(3,t)(1,u)(5,c)(2,d)(8,o)
3:(1,u)(5,c)(3,t)(2,d)(8,o)
remover_de_lista. 
1:
2:(5,c)(2,d)(8,o)
3:(1,u)(5,c)(2,d)
4:(1,u)(5,c)(8,o)
intercambiar. 
1:(1,u)(9,n)(5,c)(3,t)(6,s)
siguiente_clave. 
1:
2:
3:(11,o)
separar_segmento. 
1:(1,u)(3,t)(5,c)(9,n)
(6,s)
2:(5,c)(9,n)(6,s)
(1,u)(3,t)
3:(3,t)(5,c)(9,n)
(1,u)(6,s)
reversa. 
1:
2:(6,s)(9,n)(5,c)(3,t)(1,u)
retroceder. 
1:(1,u)(3,t)(5,c)(9,n)(6,s)
2:(1,u)(3,t)(5,c)(6,s)(9,n)
3:(1,u)(3,t)(5,c)(9,n)(6,s)
unificar. 
1:(1,u)(3,t)(5,c)(6,s)
2:(1,u)(3,t)(5,c)(6,s)
3:(1,e)
mezcla. 
1:
2:(1,d)(2,b)(7,c)
3:(1,a)(1,d)(2,j)(2,b)(3,r)(7,c)
filtrado. 
1:(1,a)
2:
3:(7,c)(2,b)
sublista. 
1:(1,a)(2,b)
2:(3,a)(3,c)(3,b)(7,c)
