1>2>3>4>
  REINICIO DE SISTEMA 
5>6>7>
 IDENTIFICADORES DE LOCALIDADES 
(1,b)(2,d)(3,e)(4,g)(5,n)(6,p)(7,t)
8>9>10>11>12>INFORME POR RANGOS
1000
0
0
2000
6400
13>d
(1000,chapas)
14>g

15>n

16>b
(2000,comestibles)
e

p

17>t
(5000,comestibles)(500,ropa)(900,chapas)
18>
  REINICIO DE SISTEMA 
19>20>21>
 IDENTIFICADORES DE LOCALIDADES 
(1,b)(2,d)(3,e)(4,g)(5,n)(6,p)(7,t)
22>23>24>25>26>INFORME POR RANGOS
1000
0
0
2000
6400
27>d
(1000,chapas)
28>g

29>n

30>b
(2000,comestibles)
e

p

31>t
(5000,comestibles)(500,ropa)(900,chapas)
32>
  REINICIO DE SISTEMA 
33>
  REINICIO DE SISTEMA 
34>Fin.
