1>2>3>4>5>6>7>8>
  REINICIO DE SISTEMA 
9>10>PuntaEspinillo

11>Flores

12>TreintayTres

13>Minas

14>Guaviyu

15>INFORME POR RANGOS
0
0
0
0
0
16>Fin.
