1>2>
  REINICIO DE SISTEMA 
3>
  REINICIO DE SISTEMA 
4>
  REINICIO DE SISTEMA 
5>
  REINICIO DE SISTEMA 
6>
  REINICIO DE SISTEMA 
7>
  REINICIO DE SISTEMA 
8>
  REINICIO DE SISTEMA 
9>
  REINICIO DE SISTEMA 
10>
  REINICIO DE SISTEMA 
11>
  REINICIO DE SISTEMA 
12>
  REINICIO DE SISTEMA 
13>
  REINICIO DE SISTEMA 
14>
  REINICIO DE SISTEMA 
15>INFORME POR RANGOS
0
0
0
0
0
16>INFORME POR RANGOS
0
0
0
0
0
17>INFORME POR RANGOS
0
0
0
0
0
18>INFORME POR RANGOS
0
0
0
0
0
19>INFORME POR RANGOS
0
0
0
0
0
20>INFORME POR RANGOS
0
0
0
0
0
21>INFORME POR RANGOS
0
0
0
0
0
22>INFORME POR RANGOS
0
0
0
0
0
23>INFORME POR RANGOS
0
0
0
0
0
24>25>26>27>28>29>30>31>32>33>34>35>36>37>38>39>Fin.
