1>2>3>
  REINICIO DE SISTEMA 
4>5>6>7>esmeraldas

ulsan

8>goya

9>10>esmeraldas

ulsan

11>Fin.
