1>2>3>
 IDENTIFICADORES DE LOCALIDADES 
(1,ulsan)
4>
  REINICIO DE SISTEMA 
5>6>
 IDENTIFICADORES DE LOCALIDADES 
(1,ulsan)
7>8>INFORME POR RANGOS
0
0
1000
0
0
9>10>ulsan
(1000,chapas)
11>INFORME POR RANGOS
0
0
0
0
0
12>ulsan

13>14>INFORME POR RANGOS
0
0
1000
0
0
15>16>INFORME POR RANGOS
0
0
2000
0
0
17>18>INFORME POR RANGOS
0
0
3000
0
0
19>20>INFORME POR RANGOS
0
0
11000
0
0
21>22>ulsan
(1000,chapas)(5000,ropa)(2000,alimentos)(1000,chapas)(1000,chapas)(1000,chapas)
23>
  REINICIO DE SISTEMA 
24>Fin.
