1>2>3>
 IDENTIFICADORES DE LOCALIDADES 
(1,goya)(2,tambo)(3,ulsan)
4>5>INFORME POR RANGOS
3000
0
0
500
0
6>goya

7>8>tambo
(500,ropa)
9>INFORME POR RANGOS
3000
0
0
0
0
10>Fin.
