1>2>3>
 IDENTIFICADORES DE LOCALIDADES 
(1,ulsan)
4>5>6>7>INFORME POR RANGOS
9000
0
0
0
0
8>9>ulsan
(1000,chapas)(2000,comestibles)(2000,medicamentos)(2000,comestibles)(1000,chapas)(1000,medicamentos)
10>ulsan

11>Fin.
