La primera línea está en blanco. 
La conversión es 0.
El inicio numérico de la palabra leida era 0.
