primera línea
Longitud  Texto 
      14  primera línea
mitad < primera línea
La conversión es 3.
El inicio numérico de la palabra leida era 3.
