línea 1|línea 2|línea 3
Longitud  Texto 
       8  línea 1
       8  línea 2
       8  línea 3
mitad > línea 1
mitad > línea 2
mitad > línea 3
La conversión es 5.
El inicio numérico de la palabra leida era 5.
