1>(0,primero)
2>(0,primero)(0,primero)
3>(0,primero)(0,primero)(16,marzo)
4>(0,primero)(0,primero)(16,marzo)(16,marzo)(0,primero)(0,primero)
5>(0,primero)(0,primero)(0,primero)(16,marzo)(13,abril)(27,abril)
6>(0,primero)(0,primero)(0,primero)(16,marzo)(13,abril)(27,abril)(27,abril)(13,abril)(16,marzo)(0,primero)(0,primero)(0,primero)
7>Fin.
