1>(0,primero)(16,marzo)
2>3>4>5>(0,primero)(16,marzo)
(0,primero)(16,marzo)
6>(16,marzo)
(0,primero)(16,marzo)
7>Fin.
