1>
2>
3>
(15,q)
0
0
4>
(15,q)
-(14,c)
1
0
5>
-(13,t)
(15,q)
---(-3,m)
--(16,d)
-(14,c)
3
1
6>Fin.
