1>
2>
3>
(15,q)
0
0
4>
5>
(14,c)
0
0
6>
(14,c)
7>
---(5,z)
--(13,t)
-(16,d)
(14,c)
0
3
8>
(5,z)
(13,t)
9>
-(1,u)
(13,t)
0
1
10>
11>
(16,p)
--(5,m)
-(13,j)
---(1,d)
----(3,c)
--(6,a)
4
0
12>
(16,p)
-(5,m)
(1,d)
--(3,c)
-(6,a)
13>Fin.
