1>
2>
3>
(15,q)
0
0
4>
(15,q)
5>
(15,q)
6>
(15,q)
7>
8>
(15,q)
-(14,c)
1
0
9>
-(13,t)
(15,q)
--(16,d)
---(-3,c2)
----(9,c1)
-(14,c)
4
1
10>
-(13,t)
(-3,c2)
--(9,c1)
-(14,c)
11>
-(13,t)
(15,q)
--(16,d)
-(14,c)
12>
13>Fin.
