1>
2>0
3>
(15,q)
0
0
4>0
5>1
6>1
7>
(15,q)
-(12,d)
1
0
8>
-(21,v)
(15,q)
--(18,o)
-(12,d)
2
1
9>
-(21,v)
--(30,t)
(15,q)
--(18,o)
-(12,d)
2
2
10>1
11>1
12>1
13>1
14>0
15>0
16>0
17>
--(30,z)
-(21,v)
--(30,t)
(15,q)
--(18,o)
-(12,d)
--(18,a)
2
3
18>2
19>2
20>Fin.
