1>
2>
(15,q)
0
0
3>0-()
4>0-()
5>
(15,q)
-(12,d)
1
0
6>
-(21,v)
(15,q)
--(18,o)
-(12,d)
2
1
7>
-(21,v)
--(30,t)
(15,q)
--(18,o)
-(12,d)
2
2
8>2-(D,I)
9>2-(D,I)
10>No existe
11>No existe
12>No existe
13>2-(I,D)
14>No existe
15>No existe
16>Fin.
