1>
2>
(15,q)
0
0
3>
(15,q)
4>
5>
(15,q)
-(12,d)
1
0
6>
-(21,v)
(15,q)
--(18,o)
-(12,d)
2
1
7>
-(21,v)
--(30,t)
(15,q)
--(18,o)
-(12,d)
2
2
8>
-(21,v)
--(30,t)
(15,q)
--(18,o)
-(12,d)
9>
(21,v)
-(30,t)
10>
(30,t)
11>
(18,o)
12>
13>Fin.
