1>
2>
(15,q)
0
0
3>(15,q)
4>
(15,q)
-(12,d)
1
0
5>
-(21,v)
(15,q)
--(18,o)
-(12,d)
2
1
6>
-(21,v)
--(30,t)
(15,q)
--(18,o)
-(12,d)
2
2
7>(12,d)
8>(18,o)
9>(15,q)
10>(30,t)
11>(21,v)
12>Fin.
