1>
2>
0
(1,m)
3>(1,m)
(1,m)
1
(21,a)
4>(1,m)
(1,m)
(21,a)
2
(21,a)(22,g)
5>(1,m)
(1,m)
(21,a)(22,g)
2
(321,b)
6>Fin.
