1>
2>3>(0,primero)(13,abril)(27,abril)
4>
--(13,t)
-(16,d)
(14,c)
-(5,a)
1
2
5>
0
(1,m)
6>(1,m)
(1,m)
1
(21,a)
7>(1,m)
(1,m)
(21,a)
2
(21,a)(22,g)
8>(1,m)
(1,m)
(21,a)(22,g)
2
(321,b)
9>10>(0,primero)(13,abril)(27,abril)
11>
--(13,t)
-(16,d)
(14,c)
-(5,a)
1
2
12>
0
(1,m)
13>(1,m)
(1,m)
1
(21,a)
14>(1,m)
(1,m)
(21,a)
2
(21,a)(22,g)
15>(1,m)
(1,m)
(21,a)(22,g)
2
(321,b)
16>Fin.
