1>
2>3>
(1,Champ_URU)
0
0
4>
-(2,URU_F)
(1,Champ_URU)
-(3,COL_F)
1
1
5>
--(5,URU_SF)
-(2,URU_F)
--(4,PER_SF)
(1,Champ_URU)
--(7,COL_SF)
-(3,COL_F)
--(6,ARG_SF)
2
3
6>1
7>0
8>0
9>
(5,URU_SF)
-(2,URU_F)
(1,Champ_URU)
--(7,COL_SF)
-(3,COL_F)
--(6,ARG_SF)
10>
--(5,URU_SF)
-(2,URU_F)
--(4,ECU_SF)
(1,Champ_URU)
--(7,COL_SF)
-(3,COL_F)
--(6,ARG_SF)
2
3
11>(6,ARG_SF)
12>(7,COL_SF)
13>(3,COL_F)
14>(1,Champ_URU)
15>(2,URU_F)
16>(5,URU_SF)
17>(4,ECU_SF)
18>2-(D,D)
19>2-(I,I)
20>No existe
21>
--(5,URU_SF)
-(2,URU_F)
--(4,ECU_SF)
(1,Champ_URU)
--(7,COL_SF)
-(3,COL_F)
--(6,ARG_SF)
22>
(5,URU_SF)
23>
(7,COL_SF)
24>
-(7,COL_SF)
(3,COL_F)
-(6,ARG_SF)
25>
26>
27>Fin.
