1>
2>3>
(1,Champ_URU)
0
0
4>
-(2,URU_F)
(1,Champ_URU)
-(3,COL_F)
1
1
5>
--(5,URU_SF)
-(2,URU_F)
--(4,PER_SF)
(1,Champ_URU)
--(7,COL_SF)
-(3,COL_F)
--(6,ARG_SF)
2
3
6>1
7>0
8>0
9>
(5,URU_SF)
-(2,URU_F)
(1,Champ_URU)
--(7,COL_SF)
-(3,COL_F)
--(6,ARG_SF)
10>
--(5,URU_SF)
-(2,URU_F)
--(4,ECU_SF)
(1,Champ_URU)
--(7,COL_SF)
-(3,COL_F)
--(6,ARG_SF)
2
3
11>
--(5,URU_SF)
-(4,ECU_SF)
(7,COL_SF)
-(6,ARG_SF)
12>
-(2,URU_F)
(1,Champ_URU)
-(3,COL_F)
13>
(1,Champ_URU)
14>(6,ARG_SF)
15>(7,COL_SF)
16>(3,COL_F)
17>(1,Champ_URU)
18>(2,URU_F)
19>(5,URU_SF)
20>(4,ECU_SF)
21>
--(5,URU_SF)
-(2,URU_F)
--(4,ECU_SF)
(1,Champ_URU)
--(7,COL_SF)
-(3,COL_F)
--(6,ARG_SF)
22>
(5,URU_SF)
23>
(7,COL_SF)
24>
-(7,COL_SF)
(3,COL_F)
-(6,ARG_SF)
25>
26>
27>Fin.
