1>
2>
0
(55,CA2016)
3>(55,CA2016)
(55,CA2016)
1
(65,GrupoA)
4>(55,CA2016)
(55,CA2016)
(65,GrupoA)
2
(65,GrupoA)(66,GrupoB)
5>(55,CA2016)
(55,CA2016)
(65,GrupoA)(66,GrupoB)
2
(65,GrupoA)(66,GrupoB)(67,GrupoC)
6>(55,CA2016)
(55,CA2016)
(65,GrupoA)(66,GrupoB)(67,GrupoC)
2
(65,GrupoA)(66,GrupoB)(67,GrupoC)(68,GrupoD)
7>(55,CA2016)
(55,CA2016)
(65,GrupoA)(66,GrupoB)(67,GrupoC)(68,GrupoD)
2
(1,USA)
8>(55,CA2016)
(55,CA2016)
(65,GrupoA)(66,GrupoB)(67,GrupoC)(68,GrupoD)
(1,USA)
3
(1,USA)(2,COL)
9>(55,CA2016)
(55,CA2016)
(65,GrupoA)(66,GrupoB)(67,GrupoC)(68,GrupoD)
(1,USA)(2,COL)
3
(1,USA)(2,COL)(3,CRC)
10>(55,CA2016)
(55,CA2016)
(65,GrupoA)(66,GrupoB)(67,GrupoC)(68,GrupoD)
(1,USA)(2,COL)(3,CRC)
3
(1,USA)(2,COL)(3,CRC)(4,PAR)
11>(55,CA2016)
(55,CA2016)
(65,GrupoA)(66,GrupoB)(67,GrupoC)(68,GrupoD)
(1,USA)(2,COL)(3,CRC)(4,PAR)
3
(1,USA)(1,BRA)(2,COL)(3,CRC)(4,PAR)
12>(55,CA2016)
(55,CA2016)
(65,GrupoA)(66,GrupoB)(67,GrupoC)(68,GrupoD)
(1,USA)(1,BRA)(2,COL)(3,CRC)(4,PAR)
3
(1,USA)(1,BRA)(2,COL)(2,ECU)(3,CRC)(4,PAR)
13>(55,CA2016)
(55,CA2016)
(65,GrupoA)(66,GrupoB)(67,GrupoC)(68,GrupoD)
(1,USA)(1,BRA)(2,COL)(2,ECU)(3,CRC)(4,PAR)
3
(1,USA)(1,BRA)(2,COL)(2,ECU)(3,CRC)(3,HAI)(4,PAR)
14>(55,CA2016)
(55,CA2016)
(65,GrupoA)(66,GrupoB)(67,GrupoC)(68,GrupoD)
(1,USA)(1,BRA)(2,COL)(2,ECU)(3,CRC)(3,HAI)(4,PAR)
3
(1,USA)(1,BRA)(2,COL)(2,ECU)(3,CRC)(3,HAI)(4,PAR)(4,PER)
15>(55,CA2016)
(55,CA2016)
(65,GrupoA)(66,GrupoB)(67,GrupoC)(68,GrupoD)
(1,USA)(1,BRA)(2,COL)(2,ECU)(3,CRC)(3,HAI)(4,PAR)(4,PER)
3
(1,USA)(1,BRA)(1,MEX)(2,COL)(2,ECU)(3,CRC)(3,HAI)(4,PAR)(4,PER)
16>(55,CA2016)
(55,CA2016)
(65,GrupoA)(66,GrupoB)(67,GrupoC)(68,GrupoD)
(1,USA)(1,BRA)(1,MEX)(2,COL)(2,ECU)(3,CRC)(3,HAI)(4,PAR)(4,PER)
3
(1,USA)(1,BRA)(1,MEX)(2,COL)(2,ECU)(2,URU)(3,CRC)(3,HAI)(4,PAR)(4,PER)
17>(55,CA2016)
(55,CA2016)
(65,GrupoA)(66,GrupoB)(67,GrupoC)(68,GrupoD)
(1,USA)(1,BRA)(1,MEX)(2,COL)(2,ECU)(2,URU)(3,CRC)(3,HAI)(4,PAR)(4,PER)
3
(1,USA)(1,BRA)(1,MEX)(2,COL)(2,ECU)(2,URU)(3,CRC)(3,HAI)(3,JAM)(4,PAR)(4,PER)
18>(55,CA2016)
(55,CA2016)
(65,GrupoA)(66,GrupoB)(67,GrupoC)(68,GrupoD)
(1,USA)(1,BRA)(1,MEX)(2,COL)(2,ECU)(2,URU)(3,CRC)(3,HAI)(3,JAM)(4,PAR)(4,PER)
3
(1,USA)(1,BRA)(1,MEX)(2,COL)(2,ECU)(2,URU)(3,CRC)(3,HAI)(3,JAM)(4,PAR)(4,PER)(4,VEN)
19>(55,CA2016)
(55,CA2016)
(65,GrupoA)(66,GrupoB)(67,GrupoC)(68,GrupoD)
(1,USA)(1,BRA)(1,MEX)(2,COL)(2,ECU)(2,URU)(3,CRC)(3,HAI)(3,JAM)(4,PAR)(4,PER)(4,VEN)
3
(1,USA)(1,BRA)(1,MEX)(1,ARG)(2,COL)(2,ECU)(2,URU)(3,CRC)(3,HAI)(3,JAM)(4,PAR)(4,PER)(4,VEN)
20>(55,CA2016)
(55,CA2016)
(65,GrupoA)(66,GrupoB)(67,GrupoC)(68,GrupoD)
(1,USA)(1,BRA)(1,MEX)(1,ARG)(2,COL)(2,ECU)(2,URU)(3,CRC)(3,HAI)(3,JAM)(4,PAR)(4,PER)(4,VEN)
3
(1,USA)(1,BRA)(1,MEX)(1,ARG)(2,COL)(2,ECU)(2,URU)(2,CHI)(3,CRC)(3,HAI)(3,JAM)(4,PAR)(4,PER)(4,VEN)
21>(55,CA2016)
(55,CA2016)
(65,GrupoA)(66,GrupoB)(67,GrupoC)(68,GrupoD)
(1,USA)(1,BRA)(1,MEX)(1,ARG)(2,COL)(2,ECU)(2,URU)(2,CHI)(3,CRC)(3,HAI)(3,JAM)(4,PAR)(4,PER)(4,VEN)
3
(1,USA)(1,BRA)(1,MEX)(1,ARG)(2,COL)(2,ECU)(2,URU)(2,CHI)(3,CRC)(3,HAI)(3,JAM)(3,PAN)(4,PAR)(4,PER)(4,VEN)
22>(55,CA2016)
(55,CA2016)
(65,GrupoA)(66,GrupoB)(67,GrupoC)(68,GrupoD)
(1,USA)(1,BRA)(1,MEX)(1,ARG)(2,COL)(2,ECU)(2,URU)(2,CHI)(3,CRC)(3,HAI)(3,JAM)(3,PAN)(4,PAR)(4,PER)(4,VEN)
3
(1,USA)(1,BRA)(1,MEX)(1,ARG)(2,COL)(2,ECU)(2,URU)(2,CHI)(3,CRC)(3,HAI)(3,JAM)(3,PAN)(4,PAR)(4,PER)(4,VEN)(4,BOL)
23>24>
(1,Champ_URU)
0
0
25>
-(2,URU_F)
(1,Champ_URU)
-(3,COL_F)
1
1
26>
--(5,URU_SF)
-(2,URU_F)
--(4,PER_SF)
(1,Champ_URU)
--(7,COL_SF)
-(3,COL_F)
--(6,ARG_SF)
2
3
27>1
28>0
29>0
30>
(5,URU_SF)
-(2,URU_F)
(1,Champ_URU)
--(7,COL_SF)
-(3,COL_F)
--(6,ARG_SF)
31>
--(5,URU_SF)
-(2,URU_F)
--(4,ECU_SF)
(1,Champ_URU)
--(7,COL_SF)
-(3,COL_F)
--(6,ARG_SF)
2
3
32>(6,ARG_SF)
33>(7,COL_SF)
34>(3,COL_F)
35>(1,Champ_URU)
36>(2,URU_F)
37>(5,URU_SF)
38>(4,ECU_SF)
39>
--(5,URU_SF)
-(2,URU_F)
--(4,ECU_SF)
(1,Champ_URU)
--(7,COL_SF)
-(3,COL_F)
--(6,ARG_SF)
40>
(5,URU_SF)
41>
(7,COL_SF)
42>
-(7,COL_SF)
(3,COL_F)
-(6,ARG_SF)
43>
44>
45>Fin.
