insertar_en_binario. 
1:
(1,u)
2:
--(3,t)
-(2,d)
(8,a)
3:
--(3,t)
-(2,d)
(8,a)
remover_de_binario. 
1:
(1,k)
2:
(1,k)
3:
--(7,z)
-(1,n)
---(3,m)
--(4,l)
(1,k)
-(2,a)
altura_binario. 
1:1 
2:2 
3:3 
buscar_subarbol. 
1:
(8,i)
-(8,h)
imprimir_binario. 
1:
(1,b)
2:
-(5,d)
(1,b)
3:
--(7,t)
-(5,d)
--(4,c)
(1,b)
-(2,a)
cantidad_de_caminos. 
1:0 
2:1 
3:2 
4:1 
buscar_camino. 
1:0-()
2:No existe
3:No existe
4:2-(D,I)
filtrar_binario. 
1:
-(4,m)
(1,e)
--(2,d)
-(4,c)
--(3,b)
insertar_en_finitario. 
1:(2,a)
2:(2,a)
(7,t)
3:(2,a)
(4,c)(7,t)
4:(2,a)
(1,v)(4,c)(7,t)
hijo. 
1:
2:
3:(2,a)
(1,v)(4,c)(7,t)
4:(1,v)
nivel. 
1:(1,b)
2:(2,d)(2,a)
3:(1,v)(4,c)(7,z)(7,t)
kesimo_subarbol. 
1:
(15,b)
2:
(-1,d)
3:
-(7,t)
(-1,d)
-(10,c)
imprime_finitario. 
1:
(1,b)
(2,d)(2,a)
(1,v)(4,c)(7,z)(7,t)
